<html>
<body>
<pre>
<h1>µVision Build Log</h1>
<h2>Tool Versions:</h2>
IDE-Version: µVision V5.39.0.0
Copyright (C) 2023 ARM Ltd and ARM Germany GmbH. All rights reserved.
License Information: phan anh, ss, LIC=X96CK-ZP450-GK7BG-V506F-7XGR3-VFUMI
 
Tool Versions:
Toolchain:       MDK-ARM Plus  Version: 5.39.0.0
Toolchain Path:  C:\Keil_v5\ARM\ARMCLANG\Bin
C Compiler:      ArmClang.exe V6.21
Assembler:       Armasm.exe V6.21
Linker/Locator:  ArmLink.exe V6.21
Library Manager: ArmAr.exe V6.21
Hex Converter:   FromElf.exe V6.21
CPU DLL:         SARMCM3.DLL V5.39.0.0
Dialog DLL:      DARMSTM.DLL V1.69.1.0
Target DLL:      STLink\ST-LINKIII-KEIL_SWO.dll V3.2.0.0
Dialog DLL:      TCM.DLL V1.56.4.0
 
<h2>Project:</h2>
C:\Users\Admin\Desktop\Embedded_STM32_Project\SPI_Software\SPI_Software.uvprojx
Project File Date:  11/23/2024

<h2>Output:</h2>
*** Using Compiler 'V6.21', folder: 'C:\Keil_v5\ARM\ARMCLANG\Bin'
Build target 'Target 1'
main.c(1): warning: In file included from...
C:/Users/Admin/AppData/Local/Arm/Packs/Keil/STM32F1xx_DFP/2.4.1/Device/Include\stm32f10x.h(18): warning: invalid UTF-8 in comment [-Winvalid-utf8]
   18 |   *              - To use or not the peripheral<92>s drivers in application code(i.e. 
      |                                                ^
C:/Users/Admin/AppData/Local/Arm/Packs/Keil/STM32F1xx_DFP/2.4.1/Device/Include\stm32f10x.h(19): warning: invalid UTF-8 in comment [-Winvalid-utf8]
   19 |   *                code will be based on direct access to peripheral<92>s registers 
      |                                                                     ^
C:/Users/Admin/AppData/Local/Arm/Packs/Keil/STM32F1xx_DFP/2.4.1/Device/Include\stm32f10x.h(26): warning: invalid UTF-8 in comment [-Winvalid-utf8]
   26 |   *           - Macros to access peripheral<92>s registers hardware
      |                                            ^
main.c(1): warning: In file included from...
C:/Users/Admin/AppData/Local/Arm/Packs/Keil/STM32F1xx_DFP/2.4.1/Device/Include\stm32f10x.h(8347): warning: In file included from...
./RTE/Device/STM32F103C8\stm32f10x_conf.h(63): warning: In file included from...
C:/Users/Admin/AppData/Local/Arm/Packs/Keil/STM32F1xx_DFP/2.4.1/Device/StdPeriph_Driver/inc\stm32f10x_gpio.h(31): warning: In file included from...
C:/Users/Admin/AppData/Local/Arm/Packs/Keil/STM32F1xx_DFP/2.4.1/Device/Include\stm32f10x.h(18): warning: invalid UTF-8 in comment [-Winvalid-utf8]
   18 |   *              - To use or not the peripheral<92>s drivers in application code(i.e. 
      |                                                ^
C:/Users/Admin/AppData/Local/Arm/Packs/Keil/STM32F1xx_DFP/2.4.1/Device/Include\stm32f10x.h(19): warning: invalid UTF-8 in comment [-Winvalid-utf8]
   19 |   *                code will be based on direct access to peripheral<92>s registers 
      |                                                                     ^
C:/Users/Admin/AppData/Local/Arm/Packs/Keil/STM32F1xx_DFP/2.4.1/Device/Include\stm32f10x.h(26): warning: invalid UTF-8 in comment [-Winvalid-utf8]
   26 |   *           - Macros to access peripheral<92>s registers hardware
      |                                            ^
main.c(1): warning: In file included from...
C:/Users/Admin/AppData/Local/Arm/Packs/Keil/STM32F1xx_DFP/2.4.1/Device/Include\stm32f10x.h(8347): warning: In file included from...
./RTE/Device/STM32F103C8\stm32f10x_conf.h(75): warning: In file included from...
C:/Users/Admin/AppData/Local/Arm/Packs/Keil/STM32F1xx_DFP/2.4.1/Device/StdPeriph_Driver/inc\stm32f10x_rcc.h(31): warning: In file included from...
C:/Users/Admin/AppData/Local/Arm/Packs/Keil/STM32F1xx_DFP/2.4.1/Device/Include\stm32f10x.h(18): warning: invalid UTF-8 in comment [-Winvalid-utf8]
   18 |   *              - To use or not the peripheral<92>s drivers in application code(i.e. 
      |                                                ^
C:/Users/Admin/AppData/Local/Arm/Packs/Keil/STM32F1xx_DFP/2.4.1/Device/Include\stm32f10x.h(19): warning: invalid UTF-8 in comment [-Winvalid-utf8]
   19 |   *                code will be based on direct access to peripheral<92>s registers 
      |                                                                     ^
C:/Users/Admin/AppData/Local/Arm/Packs/Keil/STM32F1xx_DFP/2.4.1/Device/Include\stm32f10x.h(26): warning: invalid UTF-8 in comment [-Winvalid-utf8]
   26 |   *           - Macros to access peripheral<92>s registers hardware
      |                                            ^
main.c(1): warning: In file included from...
C:/Users/Admin/AppData/Local/Arm/Packs/Keil/STM32F1xx_DFP/2.4.1/Device/Include\stm32f10x.h(8347): warning: In file included from...
./RTE/Device/STM32F103C8\stm32f10x_conf.h(87): warning: In file included from...
C:/Users/Admin/AppData/Local/Arm/Packs/Keil/STM32F1xx_DFP/2.4.1/Device/StdPeriph_Driver/inc\stm32f10x_tim.h(31): warning: In file included from...
C:/Users/Admin/AppData/Local/Arm/Packs/Keil/STM32F1xx_DFP/2.4.1/Device/Include\stm32f10x.h(18): warning: invalid UTF-8 in comment [-Winvalid-utf8]
   18 |   *              - To use or not the peripheral<92>s drivers in application code(i.e. 
      |                                                ^
C:/Users/Admin/AppData/Local/Arm/Packs/Keil/STM32F1xx_DFP/2.4.1/Device/Include\stm32f10x.h(19): warning: invalid UTF-8 in comment [-Winvalid-utf8]
   19 |   *                code will be based on direct access to peripheral<92>s registers 
      |                                                                     ^
C:/Users/Admin/AppData/Local/Arm/Packs/Keil/STM32F1xx_DFP/2.4.1/Device/Include\stm32f10x.h(26): warning: invalid UTF-8 in comment [-Winvalid-utf8]
   26 |   *           - Macros to access peripheral<92>s registers hardware
      |                                            ^
main.c(1): warning: In file included from...
C:/Users/Admin/AppData/Local/Arm/Packs/Keil/STM32F1xx_DFP/2.4.1/Device/Include\stm32f10x.h(8347): warning: In file included from...
./RTE/Device/STM32F103C8\stm32f10x_conf.h(96): warning: In file included from...
C:/Users/Admin/AppData/Local/Arm/Packs/Keil/STM32F1xx_DFP/2.4.1/Device/StdPeriph_Driver/inc\misc.h(31): warning: In file included from...
C:/Users/Admin/AppData/Local/Arm/Packs/Keil/STM32F1xx_DFP/2.4.1/Device/Include\stm32f10x.h(18): warning: invalid UTF-8 in comment [-Winvalid-utf8]
   18 |   *              - To use or not the peripheral<92>s drivers in application code(i.e. 
      |                                                ^
C:/Users/Admin/AppData/Local/Arm/Packs/Keil/STM32F1xx_DFP/2.4.1/Device/Include\stm32f10x.h(19): warning: invalid UTF-8 in comment [-Winvalid-utf8]
   19 |   *                code will be based on direct access to peripheral<92>s registers 
      |                                                                     ^
C:/Users/Admin/AppData/Local/Arm/Packs/Keil/STM32F1xx_DFP/2.4.1/Device/Include\stm32f10x.h(26): warning: invalid UTF-8 in comment [-Winvalid-utf8]
   26 |   *           - Macros to access peripheral<92>s registers hardware
      |                                            ^
main.c(14): warning: no previous prototype for function 'delay_ms' [-Wmissing-prototypes]
   14 | void delay_ms(int timedelay)
      |      ^
main.c(14): note: declare 'static' if the function is not intended to be used outside of this translation unit
   14 | void delay_ms(int timedelay)
      | ^
      | static 
main.c(20): warning: a function declaration without a prototype is deprecated in all versions of C [-Wstrict-prototypes]
   20 | void Clock(){
      |           ^
      |            void
main.c(20): warning: no previous prototype for function 'Clock' [-Wmissing-prototypes]
   20 | void Clock(){
      |      ^
main.c(20): note: declare 'static' if the function is not intended to be used outside of this translation unit
   20 | void Clock(){
      | ^
      | static 
main.c(29): warning: a function declaration without a prototype is deprecated in all versions of C [-Wstrict-prototypes]
   29 | void RCC_Config(){
      |                ^
      |                 void
main.c(29): warning: no previous prototype for function 'RCC_Config' [-Wmissing-prototypes]
   29 | void RCC_Config(){
      |      ^
main.c(29): note: declare 'static' if the function is not intended to be used outside of this translation unit
   29 | void RCC_Config(){
      | ^
      | static 
main.c(34): warning: a function declaration without a prototype is deprecated in all versions of C [-Wstrict-prototypes]
   34 | void TIMER_Config(){
      |                  ^
      |                   void
main.c(38): warning: invalid UTF-8 in comment [-Winvalid-utf8]
   38 |         TIM_InitStruct.TIM_ClockDivision = TIM_CKD_DIV1;  //clock he thong vd l<E0> 72mhz, clock division = 1 => clock timer = 72M/1 = 72M/1
      |                                                                                ^
main.c(1): warning: In file included from...
C:/Users/Admin/AppData/Local/Arm/Packs/Keil/STM32F1xx_DFP/2.4.1/Device/Include\stm32f10x.h(8347): warning: In file included from...
./RTE/Device/STM32F103C8\stm32f10x_conf.h(87): warning: In file included from...
C:/Users/Admin/AppData/Local/Arm/Packs/Keil/STM32F1xx_DFP/2.4.1/Device/StdPeriph_Driver/inc\stm32f10x_tim.h(50): warning: padding size of 'TIM_TimeBaseInitTypeDef' with 1 byte to alignment boundary [-Wpadded]
   50 | typedef struct
      |         ^
main.c(39): warning: invalid UTF-8 in comment [-Winvalid-utf8]
   39 |         TIM_InitStruct.TIM_Prescaler = 7200 - 1; // 0.1ms d?m l<EA>n 1 l?n
      |                                                                ^
main.c(44): warning: invalid UTF-8 in comment [-Winvalid-utf8]
   44 |         TIM_InitStruct.TIM_Period = 0xffff ;   // chu k<EC> d?m, d?m t?i ngu?ng Period s? t? reset v? l?i
      |                                                        ^
main.c(34): warning: no previous prototype for function 'TIMER_Config' [-Wmissing-prototypes]
   34 | void TIMER_Config(){
      |      ^
main.c(34): note: declare 'static' if the function is not intended to be used outside of this translation unit
   34 | void TIMER_Config(){
      | ^
      | static 
main.c(53): warning: a function declaration without a prototype is deprecated in all versions of C [-Wstrict-prototypes]
   53 | void GPIO_Config(){
      |                 ^
      |                  void
main.c(53): warning: no previous prototype for function 'GPIO_Config' [-Wmissing-prototypes]
   53 | void GPIO_Config(){
      |      ^
main.c(53): note: declare 'static' if the function is not intended to be used outside of this translation unit
   53 | void GPIO_Config(){
      | ^
      | static 
main.c(69): warning: a function declaration without a prototype is deprecated in all versions of C [-Wstrict-prototypes]
   69 | void SPI_Init(){
      |              ^
      |               void
main.c(69): warning: no previous prototype for function 'SPI_Init' [-Wmissing-prototypes]
   69 | void SPI_Init(){
      |      ^
main.c(69): note: declare 'static' if the function is not intended to be used outside of this translation unit
   69 | void SPI_Init(){
      | ^
      | static 
main.c(91): warning: implicit conversion loses integer precision: 'int' to 'uint8_t' (aka 'unsigned char') [-Wimplicit-int-conversion]
   91 |                 u8Data=u8Data<<1;
      |                       ~~~~~~~^~~
main.c(77): warning: no previous prototype for function 'SPI_Master_Transmit' [-Wmissing-prototypes]
   77 | void SPI_Master_Transmit(uint8_t u8Data){//0b10010000
      |      ^
main.c(77): note: declare 'static' if the function is not intended to be used outside of this translation unit
   77 | void SPI_Master_Transmit(uint8_t u8Data){//0b10010000
      | ^
      | static 
main.c(109): warning: implicit conversion loses integer precision: 'int' to 'uint8_t' (aka 'unsigned char') [-Wimplicit-int-conversion]
  109 |                 dataReceive=dataReceive<<1;
      |                            ~~~~~~~~~~~~^~~
main.c(99): warning: unused variable 'u8Mask' [-Wunused-variable]
   99 |         uint8_t u8Mask = 0x80;
      |                 ^~~~~~
main.c(98): warning: no previous prototype for function 'SPI_Slave_Receive' [-Wmissing-prototypes]
   98 | uint8_t SPI_Slave_Receive(void){
      |         ^
main.c(98): note: declare 'static' if the function is not intended to be used outside of this translation unit
   98 | uint8_t SPI_Slave_Receive(void){
      | ^
      | static 
main.c(119): warning: no previous extern declaration for non-static variable 'DataTrans' [-Wmissing-variable-declarations]
  119 | uint8_t DataTrans[] = {1,3,9,10,15,19,90};//Data
      |         ^
main.c(119): note: declare 'static' if the variable is not intended to be used outside of this translation unit
  119 | uint8_t DataTrans[] = {1,3,9,10,15,19,90};//Data
      | ^
main.c(120): warning: a function declaration without a prototype is deprecated in all versions of C [-Wstrict-prototypes]
  120 | int main(){
      |         ^
      |          void
main.c(128): warning: unsafe buffer access [-Wunsafe-buffer-usage]
  128 |                         SPI_Master_Transmit(DataTrans[i]);
      |                                             ^~~~~~~~~
38 warnings generated.
compiling main.c...
linking...
Program Size: Code=2312 RO-data=268 RW-data=8 ZI-data=1632  
".\Objects\SPI_Software.axf" - 0 Error(s), 38 Warning(s).

<h2>Software Packages used:</h2>

Package Vendor: ARM
                http://www.keil.com/pack/ARM.CMSIS.5.9.0.pack
                ARM::CMSIS@5.9.0
                CMSIS (Common Microcontroller Software Interface Standard)
   * Component: CORE Version: 5.6.0

Package Vendor: Keil
                https://www.keil.com/pack/Keil.STM32F1xx_DFP.2.4.1.pack
                Keil::STM32F1xx_DFP@2.4.1
                STMicroelectronics STM32F1 Series Device Support, Drivers and Examples
   * Component: Startup Version: 1.0.0
   * Component: Framework Version: 3.6.0
   * Component: GPIO Version: 3.6.0
   * Component: RCC Version: 3.6.0
   * Component: TIM Version: 3.6.0

<h2>Collection of Component include folders:</h2>
  ./RTE/Device/STM32F103C8
  ./RTE/_Target_1
  C:/Users/Admin/AppData/Local/Arm/Packs/ARM/CMSIS/5.9.0/CMSIS/Core/Include
  C:/Users/Admin/AppData/Local/Arm/Packs/Keil/STM32F1xx_DFP/2.4.1/Device/Include
  C:/Users/Admin/AppData/Local/Arm/Packs/Keil/STM32F1xx_DFP/2.4.1/Device/StdPeriph_Driver/inc

<h2>Collection of Component Files used:</h2>

   * Component: ARM::CMSIS:CORE@5.6.0

   * Component: Keil::Device:Startup@1.0.0
      Source file:   Device/Source/ARM/startup_stm32f10x_md.s
      Source file:   Device/Source/ARM/STM32F1xx_OPT.s
      Include file:  RTE_Driver/Config/RTE_Device.h
      Source file:   Device/Source/system_stm32f10x.c

   * Component: Keil::Device:StdPeriph Drivers:Framework@3.6.0
      Source file:   Device/StdPeriph_Driver/src/misc.c
      Source file:   Device/StdPeriph_Driver/templates/stm32f10x_conf.h
      Include file:  Device/StdPeriph_Driver/templates/stm32f10x_it.h
      Source file:   Device/StdPeriph_Driver/templates/stm32f10x_it.c
      Include file:  Device/StdPeriph_Driver/inc/misc.h

   * Component: Keil::Device:StdPeriph Drivers:GPIO@3.6.0
      Include file:  Device/StdPeriph_Driver/inc/stm32f10x_gpio.h
      Source file:   Device/StdPeriph_Driver/src/stm32f10x_gpio.c

   * Component: Keil::Device:StdPeriph Drivers:RCC@3.6.0
      Include file:  Device/StdPeriph_Driver/inc/stm32f10x_rcc.h
      Source file:   Device/StdPeriph_Driver/src/stm32f10x_rcc.c

   * Component: Keil::Device:StdPeriph Drivers:TIM@3.6.0
      Include file:  Device/StdPeriph_Driver/inc/stm32f10x_tim.h
      Source file:   Device/StdPeriph_Driver/src/stm32f10x_tim.c
Build Time Elapsed:  00:00:01
</pre>
</body>
</html>
