<html>
<body>
<pre>
<h1>µVision Build Log</h1>
<h2>Tool Versions:</h2>
IDE-Version: µVision V5.39.0.0
Copyright (C) 2023 ARM Ltd and ARM Germany GmbH. All rights reserved.
License Information: phan anh, ss, LIC=X96CK-ZP450-GK7BG-V506F-7XGR3-VFUMI
 
Tool Versions:
Toolchain:       MDK-ARM Plus  Version: 5.39.0.0
Toolchain Path:  C:\Keil_v5\ARM\ARMCLANG\Bin
C Compiler:      ArmClang.exe V6.21
Assembler:       Armasm.exe V6.21
Linker/Locator:  ArmLink.exe V6.21
Library Manager: ArmAr.exe V6.21
Hex Converter:   FromElf.exe V6.21
CPU DLL:         SARMCM3.DLL V5.39.0.0
Dialog DLL:      DARMSTM.DLL V1.69.1.0
Target DLL:      STLink\ST-LINKIII-KEIL_SWO.dll V3.2.0.0
Dialog DLL:      TCM.DLL V1.56.4.0
 
<h2>Project:</h2>
C:\Users\Admin\Desktop\Embedded_STM32_Project\I2C\I2C_Software.uvprojx
Project File Date:  11/25/2024

<h2>Output:</h2>
*** Using Compiler 'V6.21', folder: 'C:\Keil_v5\ARM\ARMCLANG\Bin'
Build target 'Target 1'
main.c(1): warning: In file included from...
C:/Users/Admin/AppData/Local/Arm/Packs/Keil/STM32F1xx_DFP/2.4.1/Device/Include\stm32f10x.h(18): warning: invalid UTF-8 in comment [-Winvalid-utf8]
   18 |   *              - To use or not the peripheral<92>s drivers in application code(i.e. 
      |                                                ^
C:/Users/Admin/AppData/Local/Arm/Packs/Keil/STM32F1xx_DFP/2.4.1/Device/Include\stm32f10x.h(19): warning: invalid UTF-8 in comment [-Winvalid-utf8]
   19 |   *                code will be based on direct access to peripheral<92>s registers 
      |                                                                     ^
C:/Users/Admin/AppData/Local/Arm/Packs/Keil/STM32F1xx_DFP/2.4.1/Device/Include\stm32f10x.h(26): warning: invalid UTF-8 in comment [-Winvalid-utf8]
   26 |   *           - Macros to access peripheral<92>s registers hardware
      |                                            ^
main.c(1): warning: In file included from...
C:/Users/Admin/AppData/Local/Arm/Packs/Keil/STM32F1xx_DFP/2.4.1/Device/Include\stm32f10x.h(8347): warning: In file included from...
./RTE/Device/STM32F103C8\stm32f10x_conf.h(63): warning: In file included from...
C:/Users/Admin/AppData/Local/Arm/Packs/Keil/STM32F1xx_DFP/2.4.1/Device/StdPeriph_Driver/inc\stm32f10x_gpio.h(31): warning: In file included from...
C:/Users/Admin/AppData/Local/Arm/Packs/Keil/STM32F1xx_DFP/2.4.1/Device/Include\stm32f10x.h(18): warning: invalid UTF-8 in comment [-Winvalid-utf8]
   18 |   *              - To use or not the peripheral<92>s drivers in application code(i.e. 
      |                                                ^
C:/Users/Admin/AppData/Local/Arm/Packs/Keil/STM32F1xx_DFP/2.4.1/Device/Include\stm32f10x.h(19): warning: invalid UTF-8 in comment [-Winvalid-utf8]
   19 |   *                code will be based on direct access to peripheral<92>s registers 
      |                                                                     ^
C:/Users/Admin/AppData/Local/Arm/Packs/Keil/STM32F1xx_DFP/2.4.1/Device/Include\stm32f10x.h(26): warning: invalid UTF-8 in comment [-Winvalid-utf8]
   26 |   *           - Macros to access peripheral<92>s registers hardware
      |                                            ^
main.c(1): warning: In file included from...
C:/Users/Admin/AppData/Local/Arm/Packs/Keil/STM32F1xx_DFP/2.4.1/Device/Include\stm32f10x.h(8347): warning: In file included from...
./RTE/Device/STM32F103C8\stm32f10x_conf.h(75): warning: In file included from...
C:/Users/Admin/AppData/Local/Arm/Packs/Keil/STM32F1xx_DFP/2.4.1/Device/StdPeriph_Driver/inc\stm32f10x_rcc.h(31): warning: In file included from...
C:/Users/Admin/AppData/Local/Arm/Packs/Keil/STM32F1xx_DFP/2.4.1/Device/Include\stm32f10x.h(18): warning: invalid UTF-8 in comment [-Winvalid-utf8]
   18 |   *              - To use or not the peripheral<92>s drivers in application code(i.e. 
      |                                                ^
C:/Users/Admin/AppData/Local/Arm/Packs/Keil/STM32F1xx_DFP/2.4.1/Device/Include\stm32f10x.h(19): warning: invalid UTF-8 in comment [-Winvalid-utf8]
   19 |   *                code will be based on direct access to peripheral<92>s registers 
      |                                                                     ^
C:/Users/Admin/AppData/Local/Arm/Packs/Keil/STM32F1xx_DFP/2.4.1/Device/Include\stm32f10x.h(26): warning: invalid UTF-8 in comment [-Winvalid-utf8]
   26 |   *           - Macros to access peripheral<92>s registers hardware
      |                                            ^
main.c(1): warning: In file included from...
C:/Users/Admin/AppData/Local/Arm/Packs/Keil/STM32F1xx_DFP/2.4.1/Device/Include\stm32f10x.h(8347): warning: In file included from...
./RTE/Device/STM32F103C8\stm32f10x_conf.h(87): warning: In file included from...
C:/Users/Admin/AppData/Local/Arm/Packs/Keil/STM32F1xx_DFP/2.4.1/Device/StdPeriph_Driver/inc\stm32f10x_tim.h(31): warning: In file included from...
C:/Users/Admin/AppData/Local/Arm/Packs/Keil/STM32F1xx_DFP/2.4.1/Device/Include\stm32f10x.h(18): warning: invalid UTF-8 in comment [-Winvalid-utf8]
   18 |   *              - To use or not the peripheral<92>s drivers in application code(i.e. 
      |                                                ^
C:/Users/Admin/AppData/Local/Arm/Packs/Keil/STM32F1xx_DFP/2.4.1/Device/Include\stm32f10x.h(19): warning: invalid UTF-8 in comment [-Winvalid-utf8]
   19 |   *                code will be based on direct access to peripheral<92>s registers 
      |                                                                     ^
C:/Users/Admin/AppData/Local/Arm/Packs/Keil/STM32F1xx_DFP/2.4.1/Device/Include\stm32f10x.h(26): warning: invalid UTF-8 in comment [-Winvalid-utf8]
   26 |   *           - Macros to access peripheral<92>s registers hardware
      |                                            ^
main.c(1): warning: In file included from...
C:/Users/Admin/AppData/Local/Arm/Packs/Keil/STM32F1xx_DFP/2.4.1/Device/Include\stm32f10x.h(8347): warning: In file included from...
./RTE/Device/STM32F103C8\stm32f10x_conf.h(96): warning: In file included from...
C:/Users/Admin/AppData/Local/Arm/Packs/Keil/STM32F1xx_DFP/2.4.1/Device/StdPeriph_Driver/inc\misc.h(31): warning: In file included from...
C:/Users/Admin/AppData/Local/Arm/Packs/Keil/STM32F1xx_DFP/2.4.1/Device/Include\stm32f10x.h(18): warning: invalid UTF-8 in comment [-Winvalid-utf8]
   18 |   *              - To use or not the peripheral<92>s drivers in application code(i.e. 
      |                                                ^
C:/Users/Admin/AppData/Local/Arm/Packs/Keil/STM32F1xx_DFP/2.4.1/Device/Include\stm32f10x.h(19): warning: invalid UTF-8 in comment [-Winvalid-utf8]
   19 |   *                code will be based on direct access to peripheral<92>s registers 
      |                                                                     ^
C:/Users/Admin/AppData/Local/Arm/Packs/Keil/STM32F1xx_DFP/2.4.1/Device/Include\stm32f10x.h(26): warning: invalid UTF-8 in comment [-Winvalid-utf8]
   26 |   *           - Macros to access peripheral<92>s registers hardware
      |                                            ^
main.c(20): warning: a function declaration without a prototype is deprecated in all versions of C [-Wstrict-prototypes]
   20 | void RCC_Config(){
      |                ^
      |                 void
main.c(20): warning: no previous prototype for function 'RCC_Config' [-Wmissing-prototypes]
   20 | void RCC_Config(){
      |      ^
main.c(20): note: declare 'static' if the function is not intended to be used outside of this translation unit
   20 | void RCC_Config(){
      | ^
      | static 
main.c(26): warning: a function declaration without a prototype is deprecated in all versions of C [-Wstrict-prototypes]
   26 | void GPIO_Config(){
      |                 ^
      |                  void
main.c(26): warning: no previous prototype for function 'GPIO_Config' [-Wmissing-prototypes]
   26 | void GPIO_Config(){
      |      ^
main.c(26): note: declare 'static' if the function is not intended to be used outside of this translation unit
   26 | void GPIO_Config(){
      | ^
      | static 
main.c(35): warning: no previous prototype for function 'delay_us' [-Wmissing-prototypes]
   35 | void delay_us(int timedelay)
      |      ^
main.c(35): note: declare 'static' if the function is not intended to be used outside of this translation unit
   35 | void delay_us(int timedelay)
      | ^
      | static 
main.c(42): warning: a function declaration without a prototype is deprecated in all versions of C [-Wstrict-prototypes]
   42 | void I2C_Config(){
      |                ^
      |                 void
main.c(42): warning: no previous prototype for function 'I2C_Config' [-Wmissing-prototypes]
   42 | void I2C_Config(){
      |      ^
main.c(42): note: declare 'static' if the function is not intended to be used outside of this translation unit
   42 | void I2C_Config(){
      | ^
      | static 
main.c(53): warning: a function declaration without a prototype is deprecated in all versions of C [-Wstrict-prototypes]
   53 | void TIMER_Config(){
      |                  ^
      |                   void
main.c(57): warning: invalid UTF-8 in comment [-Winvalid-utf8]
   57 |         TIM_InitStruct.TIM_ClockDivision = TIM_CKD_DIV1;  //clock he thong vd l<E0> 72mhz, clock division = 1 => clock timer = 72M/1 = 72M/1
      |                                                                                ^
main.c(1): warning: In file included from...
C:/Users/Admin/AppData/Local/Arm/Packs/Keil/STM32F1xx_DFP/2.4.1/Device/Include\stm32f10x.h(8347): warning: In file included from...
./RTE/Device/STM32F103C8\stm32f10x_conf.h(87): warning: In file included from...
C:/Users/Admin/AppData/Local/Arm/Packs/Keil/STM32F1xx_DFP/2.4.1/Device/StdPeriph_Driver/inc\stm32f10x_tim.h(50): warning: padding size of 'TIM_TimeBaseInitTypeDef' with 1 byte to alignment boundary [-Wpadded]
   50 | typedef struct
      |         ^
main.c(58): warning: invalid UTF-8 in comment [-Winvalid-utf8]
   58 |         TIM_InitStruct.TIM_Prescaler = 7200 - 1; // 0.1ms dem l<EA>n 1 lan
      |                                                                ^
main.c(63): warning: invalid UTF-8 in comment [-Winvalid-utf8]
   63 |         TIM_InitStruct.TIM_Period = 0xffff ;   // chu k<EC> dem, dem toi nguong Period se tu reset ve lai
      |                                                        ^
main.c(53): warning: no previous prototype for function 'TIMER_Config' [-Wmissing-prototypes]
   53 | void TIMER_Config(){
      |      ^
main.c(53): note: declare 'static' if the function is not intended to be used outside of this translation unit
   53 | void TIMER_Config(){
      | ^
      | static 
main.c(85): warning: a function declaration without a prototype is deprecated in all versions of C [-Wstrict-prototypes]
   85 | void I2C_Start(){
      |               ^
      |                void
main.c(85): warning: no previous prototype for function 'I2C_Start' [-Wmissing-prototypes]
   85 | void I2C_Start(){
      |      ^
main.c(85): note: declare 'static' if the function is not intended to be used outside of this translation unit
   85 | void I2C_Start(){
      | ^
      | static 
main.c(98): warning: a function declaration without a prototype is deprecated in all versions of C [-Wstrict-prototypes]
   98 | void I2C_Stop(){
      |              ^
      |               void
main.c(98): warning: no previous prototype for function 'I2C_Stop' [-Wmissing-prototypes]
   98 | void I2C_Stop(){
      |      ^
main.c(98): note: declare 'static' if the function is not intended to be used outside of this translation unit
   98 | void I2C_Stop(){
      | ^
      | static 
main.c(112): warning: declaration shadows a local variable [-Wshadow]
  112 |         for(int i=0; i< 8; i++){                //Write byte data.
      |                 ^
main.c(110): note: previous declaration is here
  110 |         uint8_t i;
      |                 ^
main.c(110): warning: unused variable 'i' [-Wunused-variable]
  110 |         uint8_t i;
      |                 ^
main.c(109): warning: no previous prototype for function 'I2C_Write' [-Wmissing-prototypes]
  109 | status I2C_Write(uint8_t u8Data){       
      |        ^
main.c(109): note: declare 'static' if the function is not intended to be used outside of this translation unit
  109 | status I2C_Write(uint8_t u8Data){       
      | ^
      | static 
main.c(145): warning: no previous prototype for function 'I2C_Read' [-Wmissing-prototypes]
  145 | uint8_t I2C_Read(ACK_Bit _ACK){ 
      |         ^
main.c(145): note: declare 'static' if the function is not intended to be used outside of this translation unit
  145 | uint8_t I2C_Read(ACK_Bit _ACK){ 
      | ^
      | static 
main.c(176): warning: a function declaration without a prototype is deprecated in all versions of C [-Wstrict-prototypes]
  176 |         int main()
      |                 ^
      |                  void
37 warnings generated.
compiling main.c...
linking...
Program Size: Code=776 RO-data=252 RW-data=0 ZI-data=1632  
".\Objects\I2C_Software.axf" - 0 Error(s), 37 Warning(s).

<h2>Software Packages used:</h2>

Package Vendor: ARM
                http://www.keil.com/pack/ARM.CMSIS.5.9.0.pack
                ARM::CMSIS@5.9.0
                CMSIS (Common Microcontroller Software Interface Standard)
   * Component: CORE Version: 5.6.0

Package Vendor: Keil
                https://www.keil.com/pack/Keil.STM32F1xx_DFP.2.4.1.pack
                Keil::STM32F1xx_DFP@2.4.1
                STMicroelectronics STM32F1 Series Device Support, Drivers and Examples
   * Component: Startup Version: 1.0.0
   * Component: Framework Version: 3.6.0
   * Component: GPIO Version: 3.6.0
   * Component: RCC Version: 3.6.0
   * Component: TIM Version: 3.6.0

<h2>Collection of Component include folders:</h2>
  ./RTE/Device/STM32F103C8
  ./RTE/_Target_1
  C:/Users/Admin/AppData/Local/Arm/Packs/ARM/CMSIS/5.9.0/CMSIS/Core/Include
  C:/Users/Admin/AppData/Local/Arm/Packs/Keil/STM32F1xx_DFP/2.4.1/Device/Include
  C:/Users/Admin/AppData/Local/Arm/Packs/Keil/STM32F1xx_DFP/2.4.1/Device/StdPeriph_Driver/inc

<h2>Collection of Component Files used:</h2>

   * Component: ARM::CMSIS:CORE@5.6.0

   * Component: Keil::Device:Startup@1.0.0
      Source file:   Device/Source/ARM/startup_stm32f10x_md.s
      Include file:  RTE_Driver/Config/RTE_Device.h
      Source file:   Device/Source/ARM/STM32F1xx_OPT.s
      Source file:   Device/Source/system_stm32f10x.c

   * Component: Keil::Device:StdPeriph Drivers:Framework@3.6.0
      Source file:   Device/StdPeriph_Driver/src/misc.c
      Include file:  Device/StdPeriph_Driver/templates/stm32f10x_it.h
      Source file:   Device/StdPeriph_Driver/templates/stm32f10x_conf.h
      Source file:   Device/StdPeriph_Driver/templates/stm32f10x_it.c
      Include file:  Device/StdPeriph_Driver/inc/misc.h

   * Component: Keil::Device:StdPeriph Drivers:GPIO@3.6.0
      Source file:   Device/StdPeriph_Driver/src/stm32f10x_gpio.c
      Include file:  Device/StdPeriph_Driver/inc/stm32f10x_gpio.h

   * Component: Keil::Device:StdPeriph Drivers:RCC@3.6.0
      Include file:  Device/StdPeriph_Driver/inc/stm32f10x_rcc.h
      Source file:   Device/StdPeriph_Driver/src/stm32f10x_rcc.c

   * Component: Keil::Device:StdPeriph Drivers:TIM@3.6.0
      Source file:   Device/StdPeriph_Driver/src/stm32f10x_tim.c
      Include file:  Device/StdPeriph_Driver/inc/stm32f10x_tim.h
Build Time Elapsed:  00:00:00
</pre>
</body>
</html>
