<html>
<body>
<pre>
<h1>µVision Build Log</h1>
<h2>Tool Versions:</h2>
IDE-Version: µVision V5.39.0.0
Copyright (C) 2023 ARM Ltd and ARM Germany GmbH. All rights reserved.
License Information: phan anh, ss, LIC=X96CK-ZP450-GK7BG-V506F-7XGR3-VFUMI
 
Tool Versions:
Toolchain:       MDK-ARM Plus  Version: 5.39.0.0
Toolchain Path:  C:\Keil_v5\ARM\ARMCLANG\Bin
C Compiler:      ArmClang.exe V6.21
Assembler:       Armasm.exe V6.21
Linker/Locator:  ArmLink.exe V6.21
Library Manager: ArmAr.exe V6.21
Hex Converter:   FromElf.exe V6.21
CPU DLL:         SARMCM3.DLL V5.39.0.0
Dialog DLL:      DARMSTM.DLL V1.69.1.0
Target DLL:      STLink\ST-LINKIII-KEIL_SWO.dll V3.2.0.0
Dialog DLL:      TCM.DLL V1.56.4.0
 
<h2>Project:</h2>
C:\Users\Admin\Desktop\Embedded_STM32_Project\SPI\SPI_Hardware\SPI_Software.uvprojx
Project File Date:  11/23/2024

<h2>Output:</h2>
*** Using Compiler 'V6.21', folder: 'C:\Keil_v5\ARM\ARMCLANG\Bin'
Build target 'Target 1'
main.c(1): warning: In file included from...
C:/Users/Admin/AppData/Local/Arm/Packs/Keil/STM32F1xx_DFP/2.4.1/Device/Include\stm32f10x.h(18): warning: invalid UTF-8 in comment [-Winvalid-utf8]
   18 |   *              - To use or not the peripheral<92>s drivers in application code(i.e. 
      |                                                ^
C:/Users/Admin/AppData/Local/Arm/Packs/Keil/STM32F1xx_DFP/2.4.1/Device/Include\stm32f10x.h(19): warning: invalid UTF-8 in comment [-Winvalid-utf8]
   19 |   *                code will be based on direct access to peripheral<92>s registers 
      |                                                                     ^
C:/Users/Admin/AppData/Local/Arm/Packs/Keil/STM32F1xx_DFP/2.4.1/Device/Include\stm32f10x.h(26): warning: invalid UTF-8 in comment [-Winvalid-utf8]
   26 |   *           - Macros to access peripheral<92>s registers hardware
      |                                            ^
main.c(1): warning: In file included from...
C:/Users/Admin/AppData/Local/Arm/Packs/Keil/STM32F1xx_DFP/2.4.1/Device/Include\stm32f10x.h(8347): warning: In file included from...
./RTE/Device/STM32F103C8\stm32f10x_conf.h(63): warning: In file included from...
C:/Users/Admin/AppData/Local/Arm/Packs/Keil/STM32F1xx_DFP/2.4.1/Device/StdPeriph_Driver/inc\stm32f10x_gpio.h(31): warning: In file included from...
C:/Users/Admin/AppData/Local/Arm/Packs/Keil/STM32F1xx_DFP/2.4.1/Device/Include\stm32f10x.h(18): warning: invalid UTF-8 in comment [-Winvalid-utf8]
   18 |   *              - To use or not the peripheral<92>s drivers in application code(i.e. 
      |                                                ^
C:/Users/Admin/AppData/Local/Arm/Packs/Keil/STM32F1xx_DFP/2.4.1/Device/Include\stm32f10x.h(19): warning: invalid UTF-8 in comment [-Winvalid-utf8]
   19 |   *                code will be based on direct access to peripheral<92>s registers 
      |                                                                     ^
C:/Users/Admin/AppData/Local/Arm/Packs/Keil/STM32F1xx_DFP/2.4.1/Device/Include\stm32f10x.h(26): warning: invalid UTF-8 in comment [-Winvalid-utf8]
   26 |   *           - Macros to access peripheral<92>s registers hardware
      |                                            ^
main.c(1): warning: In file included from...
C:/Users/Admin/AppData/Local/Arm/Packs/Keil/STM32F1xx_DFP/2.4.1/Device/Include\stm32f10x.h(8347): warning: In file included from...
./RTE/Device/STM32F103C8\stm32f10x_conf.h(75): warning: In file included from...
C:/Users/Admin/AppData/Local/Arm/Packs/Keil/STM32F1xx_DFP/2.4.1/Device/StdPeriph_Driver/inc\stm32f10x_rcc.h(31): warning: In file included from...
C:/Users/Admin/AppData/Local/Arm/Packs/Keil/STM32F1xx_DFP/2.4.1/Device/Include\stm32f10x.h(18): warning: invalid UTF-8 in comment [-Winvalid-utf8]
   18 |   *              - To use or not the peripheral<92>s drivers in application code(i.e. 
      |                                                ^
C:/Users/Admin/AppData/Local/Arm/Packs/Keil/STM32F1xx_DFP/2.4.1/Device/Include\stm32f10x.h(19): warning: invalid UTF-8 in comment [-Winvalid-utf8]
   19 |   *                code will be based on direct access to peripheral<92>s registers 
      |                                                                     ^
C:/Users/Admin/AppData/Local/Arm/Packs/Keil/STM32F1xx_DFP/2.4.1/Device/Include\stm32f10x.h(26): warning: invalid UTF-8 in comment [-Winvalid-utf8]
   26 |   *           - Macros to access peripheral<92>s registers hardware
      |                                            ^
main.c(1): warning: In file included from...
C:/Users/Admin/AppData/Local/Arm/Packs/Keil/STM32F1xx_DFP/2.4.1/Device/Include\stm32f10x.h(8347): warning: In file included from...
./RTE/Device/STM32F103C8\stm32f10x_conf.h(84): warning: In file included from...
C:/Users/Admin/AppData/Local/Arm/Packs/Keil/STM32F1xx_DFP/2.4.1/Device/StdPeriph_Driver/inc\stm32f10x_spi.h(31): warning: In file included from...
C:/Users/Admin/AppData/Local/Arm/Packs/Keil/STM32F1xx_DFP/2.4.1/Device/Include\stm32f10x.h(18): warning: invalid UTF-8 in comment [-Winvalid-utf8]
   18 |   *              - To use or not the peripheral<92>s drivers in application code(i.e. 
      |                                                ^
C:/Users/Admin/AppData/Local/Arm/Packs/Keil/STM32F1xx_DFP/2.4.1/Device/Include\stm32f10x.h(19): warning: invalid UTF-8 in comment [-Winvalid-utf8]
   19 |   *                code will be based on direct access to peripheral<92>s registers 
      |                                                                     ^
C:/Users/Admin/AppData/Local/Arm/Packs/Keil/STM32F1xx_DFP/2.4.1/Device/Include\stm32f10x.h(26): warning: invalid UTF-8 in comment [-Winvalid-utf8]
   26 |   *           - Macros to access peripheral<92>s registers hardware
      |                                            ^
main.c(1): warning: In file included from...
C:/Users/Admin/AppData/Local/Arm/Packs/Keil/STM32F1xx_DFP/2.4.1/Device/Include\stm32f10x.h(8347): warning: In file included from...
./RTE/Device/STM32F103C8\stm32f10x_conf.h(96): warning: In file included from...
C:/Users/Admin/AppData/Local/Arm/Packs/Keil/STM32F1xx_DFP/2.4.1/Device/StdPeriph_Driver/inc\misc.h(31): warning: In file included from...
C:/Users/Admin/AppData/Local/Arm/Packs/Keil/STM32F1xx_DFP/2.4.1/Device/Include\stm32f10x.h(18): warning: invalid UTF-8 in comment [-Winvalid-utf8]
   18 |   *              - To use or not the peripheral<92>s drivers in application code(i.e. 
      |                                                ^
C:/Users/Admin/AppData/Local/Arm/Packs/Keil/STM32F1xx_DFP/2.4.1/Device/Include\stm32f10x.h(19): warning: invalid UTF-8 in comment [-Winvalid-utf8]
   19 |   *                code will be based on direct access to peripheral<92>s registers 
      |                                                                     ^
C:/Users/Admin/AppData/Local/Arm/Packs/Keil/STM32F1xx_DFP/2.4.1/Device/Include\stm32f10x.h(26): warning: invalid UTF-8 in comment [-Winvalid-utf8]
   26 |   *           - Macros to access peripheral<92>s registers hardware
      |                                            ^
main.c(15): warning: a function declaration without a prototype is deprecated in all versions of C [-Wstrict-prototypes]
   15 | void RCC_Config(){
      |                ^
      |                 void
main.c(15): warning: no previous prototype for function 'RCC_Config' [-Wmissing-prototypes]
   15 | void RCC_Config(){
      |      ^
main.c(15): note: declare 'static' if the function is not intended to be used outside of this translation unit
   15 | void RCC_Config(){
      | ^
      | static 
main.c(20): warning: a function declaration without a prototype is deprecated in all versions of C [-Wstrict-prototypes]
   20 | void GPIO_Config(){
      |                 ^
      |                  void
main.c(20): warning: no previous prototype for function 'GPIO_Config' [-Wmissing-prototypes]
   20 | void GPIO_Config(){
      |      ^
main.c(20): note: declare 'static' if the function is not intended to be used outside of this translation unit
   20 | void GPIO_Config(){
      | ^
      | static 
main.c(29): warning: a function declaration without a prototype is deprecated in all versions of C [-Wstrict-prototypes]
   29 | void SPI_Config(){
      |                ^
      |                 void
main.c(29): warning: no previous prototype for function 'SPI_Config' [-Wmissing-prototypes]
   29 | void SPI_Config(){
      |      ^
main.c(29): note: declare 'static' if the function is not intended to be used outside of this translation unit
   29 | void SPI_Config(){
      | ^
      | static 
main.c(47): warning: no previous prototype for function 'SPI_Send1Byte' [-Wmissing-prototypes]
   47 | void SPI_Send1Byte(uint8_t data){
      |      ^
main.c(47): note: declare 'static' if the function is not intended to be used outside of this translation unit
   47 | void SPI_Send1Byte(uint8_t data){
      | ^
      | static 
main.c(56): warning: no previous prototype for function 'SPI_Receive1Byte' [-Wmissing-prototypes]
   56 | uint8_t SPI_Receive1Byte(void){
      |         ^
main.c(56): note: declare 'static' if the function is not intended to be used outside of this translation unit
   56 | uint8_t SPI_Receive1Byte(void){
      | ^
      | static 
main.c(66): warning: a function declaration without a prototype is deprecated in all versions of C [-Wstrict-prototypes]
   66 | int main(){
      |         ^
      |          void
main.c(80): warning: no newline at end of file [-Wnewline-eof]
   80 |         }       
      |                 ^
main.c(69): warning: mixing declarations and code is incompatible with standards before C99 [-Wdeclaration-after-statement]
   69 |   uint8_t data[8];
      |           ^
main.c(75): warning: unsafe buffer access [-Wunsafe-buffer-usage]
   75 |             data[i] = SPI_Receive1Byte();
      |             ^~~~
27 warnings generated.
compiling main.c...
linking...
Program Size: Code=1560 RO-data=252 RW-data=0 ZI-data=1632  
".\Objects\SPI_Software.axf" - 0 Error(s), 27 Warning(s).

<h2>Software Packages used:</h2>

Package Vendor: ARM
                http://www.keil.com/pack/ARM.CMSIS.5.9.0.pack
                ARM::CMSIS@5.9.0
                CMSIS (Common Microcontroller Software Interface Standard)
   * Component: CORE Version: 5.6.0

Package Vendor: Keil
                https://www.keil.com/pack/Keil.STM32F1xx_DFP.2.4.1.pack
                Keil::STM32F1xx_DFP@2.4.1
                STMicroelectronics STM32F1 Series Device Support, Drivers and Examples
   * Component: Startup Version: 1.0.0
   * Component: Framework Version: 3.6.0
   * Component: GPIO Version: 3.6.0
   * Component: RCC Version: 3.6.0
   * Component: SPI Version: 3.6.0

<h2>Collection of Component include folders:</h2>
  ./RTE/Device/STM32F103C8
  ./RTE/_Target_1
  C:/Users/Admin/AppData/Local/Arm/Packs/ARM/CMSIS/5.9.0/CMSIS/Core/Include
  C:/Users/Admin/AppData/Local/Arm/Packs/Keil/STM32F1xx_DFP/2.4.1/Device/Include
  C:/Users/Admin/AppData/Local/Arm/Packs/Keil/STM32F1xx_DFP/2.4.1/Device/StdPeriph_Driver/inc

<h2>Collection of Component Files used:</h2>

   * Component: ARM::CMSIS:CORE@5.6.0

   * Component: Keil::Device:Startup@1.0.0
      Include file:  RTE_Driver/Config/RTE_Device.h
      Source file:   Device/Source/ARM/STM32F1xx_OPT.s
      Source file:   Device/Source/ARM/startup_stm32f10x_md.s
      Source file:   Device/Source/system_stm32f10x.c

   * Component: Keil::Device:StdPeriph Drivers:Framework@3.6.0
      Include file:  Device/StdPeriph_Driver/inc/misc.h
      Source file:   Device/StdPeriph_Driver/templates/stm32f10x_it.c
      Source file:   Device/StdPeriph_Driver/templates/stm32f10x_conf.h
      Include file:  Device/StdPeriph_Driver/templates/stm32f10x_it.h
      Source file:   Device/StdPeriph_Driver/src/misc.c

   * Component: Keil::Device:StdPeriph Drivers:GPIO@3.6.0
      Source file:   Device/StdPeriph_Driver/src/stm32f10x_gpio.c
      Include file:  Device/StdPeriph_Driver/inc/stm32f10x_gpio.h

   * Component: Keil::Device:StdPeriph Drivers:RCC@3.6.0
      Include file:  Device/StdPeriph_Driver/inc/stm32f10x_rcc.h
      Source file:   Device/StdPeriph_Driver/src/stm32f10x_rcc.c

   * Component: Keil::Device:StdPeriph Drivers:SPI@3.6.0
      Source file:   Device/StdPeriph_Driver/src/stm32f10x_spi.c
      Include file:  Device/StdPeriph_Driver/inc/stm32f10x_spi.h
Build Time Elapsed:  00:00:00
</pre>
</body>
</html>
